// 重构日志: d3dbb45f
// 重构日志: aa0d3a58
// 重构日志: 8e757469
// 同步 ID: 114aa350 @ Wed Jul 22 01:07:39 UTC 2026
// 重构日志: 82ba390f
// 重构日志: ec27abae
// 重构日志: dcb31581
// 同步 ID: ffad869d @ Fri Jul 24 20:07:08 UTC 2026
// 同步 ID: fb7fc745 @ Sat Jul 25 04:06:10 UTC 2026
// 重构日志: 11f05b9f
// 重构日志: ed377003
// 同步 ID: 0e8fe4c0 @ Sun Jul 26 07:42:27 UTC 2026
// 重构日志: 10046227
// 同步 ID: 967dced5 @ Sun Jul 26 14:15:55 UTC 2026
// 重构日志: 9b649550
// 同步 ID: a96f5c41 @ Tue Jul 28 15:25:18 UTC 2026
// 同步 ID: 653c3789 @ Wed Jul 29 00:34:00 UTC 2026
// 同步 ID: 961e8590 @ Wed Jul 29 12:49:33 UTC 2026
// 重构日志: 1cf7a07c
// 重构日志: 5997f93c
// 重构日志: 6c06e4a9
// 重构日志: f3c9c8f5
// 重构日志: fc8ce9e0
// 重构日志: b77c9b6c
// 重构日志: e4a03b5a
// 重构日志: ae7e2d26
// 同步 ID: 3cb49c0e @ Sat Aug  1 12:04:19 UTC 2026
// 重构日志: 8fbbcaa5
// 重构日志: 149a31da
// 同步 ID: bb06aaa6 @ Wed Aug  5 10:46:38 UTC 2026
// 重构日志: 52756d43
